Caminhos:
Usuário@DESKTOP-H4ONBCC MINGW64 /c/workspace
$ git clone git@github.com:CrisVaghetti/dio-desafio-github-primeiro-repositorio.git ---- clona o repositorio do GitHub
Cloning into 'dio-desafio-github-primeiro-repositorio'...
Enter passphrase for key '/c/Users/Usuário/.ssh/id_ed25519':
Enter passphrase for key '/c/Users/Usuário/.ssh/id_ed25519':
remote: Enumerating objects: 6, done.
remote: Counting objects: 100% (6/6), done.
remote: Compressing objects: 100% (4/4), done.
remote: Total 6 (delta 0), reused 0 (delta 0), pack-reused 0
Receiving objects: 100% (6/6), done.

Usuário@DESKTOP-H4ONBCC MINGW64 /c/workspace
$ cd dio-desafio-github-primeiro-repositorio/      -------------verifica se esta no meu computador

Usuário@DESKTOP-H4ONBCC MINGW64 /c/workspace/dio-desafio-github-primeiro-repositorio (main)
$ git status
On branch main
Your branch is up to date with 'origin/main'.

nothing to commit, working tree clean

Usuário@DESKTOP-H4ONBCC MINGW64 /c/workspace/dio-desafio-github-primeiro-repositorio (main)
$ git status
On branch main
Your branch is up to date with 'origin/main'.

Untracked files:
  (use "git add <file>..." to include in what will be committed)
        "Introdu\303\247\303\243o ao Git e GitHub/"           ------------pronto para adicionar

nothing added to commit but untracked files present (use "git add" to track)

Usuário@DESKTOP-H4ONBCC MINGW64 /c/workspace/dio-desafio-github-primeiro-repositorio (main)
$ git add .                     -----------adicionando

Usuário@DESKTOP-H4ONBCC MINGW64 /c/workspace/dio-desafio-github-primeiro-repositorio (main)
$ git status
On branch main
Your branch is up to date with 'origin/main'.

Changes to be committed:
  (use "git restore --staged <file>..." to unstage)
        new file:   "Introdu\303\247\303\243o ao Git e GitHub/anota\303\247\303\265es.txt" -----Msg pronto para inserir github


Usuário@DESKTOP-H4ONBCC MINGW64 /c/workspace/dio-desafio-github-primeiro-repositorio (main)
$ git commit -m "Inclusão das anotações do Git/Github"        -------enviando para GitHub
[main e106c75] Inclusão das anotações do Git/Github
 1 file changed, 2 insertions(+)
 create mode 100644 "Introdu\303\247\303\243o ao Git e GitHub/anota\303\247\303\265es.txt" ------Msg q foi inserido pronto 

Usuário@DESKTOP-H4ONBCC MINGW64 /c/workspace/dio-desafio-github-primeiro-repositorio (main)
$ git status
On branch main
Your branch is ahead of 'origin/main' by 1 commit.
  (use "git push" to publish your local commits)          ------ pronto para enviar para GitHub

nothing to commit, working tree clean

Usuário@DESKTOP-H4ONBCC MINGW64 /c/workspace/dio-desafio-github-primeiro-repositorio (main)
$ git push origin main           -----------------enviando.........
Enter passphrase for key '/c/Users/Usuário/.ssh/id_ed25519':
Enumerating objects: 5, done.
Counting objects: 100% (5/5), done.
Delta compression using up to 4 threads
Compressing objects: 100% (2/2), done.
Writing objects: 100% (4/4), 421 bytes | 38.00 KiB/s, done.
Total 4 (delta 0), reused 0 (delta 0), pack-reused 0
To github.com:CrisVaghetti/dio-desafio-github-primeiro-repositorio.git
   2124dd7..e106c75  main -> main

Usuário@DESKTOP-H4ONBCC MINGW64 /c/workspace/dio-desafio-github-primeiro-repositorio (main)
$
